Database ready.
Syncing item list from warframe.market...
Scheduler started (5 min interval).
WMPersonal backend running on http://localhost:3001
Synced 3837 items.
Refreshing favourite users...
Favourite refresh complete.
Refreshing favourite users...
Favourite refresh complete.
Refreshing favourite users...
Refresh already in progress, skipping.
Refresh already in progress, skipping.
  metz4h: 74 orders, 73 snapshots saved.
Favourite refresh complete.
Refreshing favourite users...
  metz4h: 74 orders, 73 snapshots saved.
Favourite refresh complete.
Refreshing favourite users...
  metz4h: 74 orders, 73 snapshots saved.
Favourite refresh complete.
Refreshing favourite users...
  metz4h: 74 orders, 73 snapshots saved.
Favourite refresh complete.
Refreshing favourite users...
  metz4h: 74 orders, 73 snapshots saved.
Favourite refresh complete.
Refreshing favourite users...
  metz4h: 74 orders, 73 snapshots saved.
Favourite refresh complete.
Refreshing favourite users...
  metz4h: 74 orders, 73 snapshots saved.
Favourite refresh complete.
Refreshing favourite users...
  metz4h: 74 orders, 73 snapshots saved.
Favourite refresh complete.
Refreshing favourite users...
  metz4h: 74 orders, 73 snapshots saved.
Favourite refresh complete.
Refreshing favourite users...
  metz4h: 74 orders, 73 snapshots saved.
Favourite refresh complete.
Refreshing favourite users...
  metz4h: 74 orders, 73 snapshots saved.
Favourite refresh complete.
Refreshing favourite users...
  metz4h: 74 orders, 73 snapshots saved.
Favourite refresh complete.
Refreshing favourite users...
  metz4h: 74 orders, 73 snapshots saved.
Favourite refresh complete.
Refreshing favourite users...
  metz4h: 74 orders, 73 snapshots saved.
Favourite refresh complete.
Refreshing favourite users...
  metz4h: 74 orders, 73 snapshots saved.
Favourite refresh complete.
Refreshing favourite users...
  metz4h: 74 orders, 73 snapshots saved.
Favourite refresh complete.
Refreshing favourite users...
  metz4h: 74 orders, 73 snapshots saved.
Favourite refresh complete.
Refreshing favourite users...
  metz4h: 74 orders, 73 snapshots saved.
Favourite refresh complete.
Refreshing favourite users...
  metz4h: 74 orders, 73 snapshots saved.
Favourite refresh complete.
Refreshing favourite users...
  metz4h: 74 orders, 73 snapshots saved.
Favourite refresh complete.
Refreshing favourite users...
  metz4h: 74 orders, 73 snapshots saved.
Favourite refresh complete.
